<?xml version="1.0" encoding="utf-8"?><testsuites name="pytest tests"><testsuite name="pytest" errors="0" failures="0" skipped="0" tests="514" time="50.061" timestamp="2026-09-14T11:24:59.941048+01:00" hostname="starlord.local"><testcase classname="tests.unit.test_background_subtraction" name="test_constructor_resolves_frame_metadata_and_isolated_output_paths" time="0.085" /><testcase classname="tests.unit.test_background_subtraction" name="test_mask_order_locations_masks_expanded_orders" time="0.065" /><testcase classname="tests.unit.test_background_subtraction" name="test_subtract_restores_input_mask_and_subtracts_background" time="0.036" /><testcase classname="tests.unit.test_background_subtraction" name="test_create_background_image_models_nonnegative_synthetic_surface" time="0.575" /><testcase classname="tests.unit.test_background_subtraction" name="test_subtract_records_background_qc_product" time="0.015" /><testcase classname="tests.unit.test_base_recipe_detrend" name="test_detrend_requires_a_calibration_frame" time="0.003" /><testcase classname="tests.unit.test_base_recipe_detrend" name="test_detrend_applies_bias_matching_dark_and_flat_in_order" time="0.004" /><testcase classname="tests.unit.test_base_recipe_detrend" name="test_detrend_scales_a_different_exposure_dark_once" time="0.004" /><testcase classname="tests.unit.test_base_recipe_detrend" name="test_detrend_delegates_background_subtraction_when_enabled" time="0.005" /><testcase classname="tests.unit.test_base_recipe_detrend" name="test_clip_and_stack_clips_an_outlier_and_propagates_uncertainty" time="0.004" /><testcase classname="tests.unit.test_base_recipe_detrend" name="test_clip_and_stack_short_circuits_single_frame_and_rejects_empty_input" time="0.003" /><testcase classname="tests.unit.test_base_recipe_finalization" name="test_clean_up_marks_successful_recipe_complete_and_removes_intermediates" time="0.002" /><testcase classname="tests.unit.test_base_recipe_finalization" name="test_clean_up_refreshes_session_when_failed_qc_reverses_passing_status" time="0.002" /><testcase classname="tests.unit.test_base_recipe_finalization" name="test_clean_up_records_an_explicit_failure_reason" time="0.003" /><testcase classname="tests.unit.test_base_recipe_finalization" name="test_constructor_initializes_a_sof_recipe_in_an_isolated_workspace" time="0.013" /><testcase classname="tests.unit.test_base_recipe_finalization" name="test_input_frame_validation_records_consistent_vis_detector_metadata" time="0.008" /><testcase classname="tests.unit.test_base_recipe_finalization" name="test_report_output_deduplicates_qc_and_hides_paths_in_console_mode" time="0.041" /><testcase classname="tests.unit.test_base_recipe_qc_contracts" name="test_flag_poor_data_adds_detector_metrics_and_marks_outside_range_failed" time="0.007" /><testcase classname="tests.unit.test_base_recipe_qc_contracts" name="test_qc_median_flux_level_excludes_masked_pixels_and_records_metric" time="0.004" /><testcase classname="tests.unit.test_base_recipe_qc_contracts" name="test_qc_ron_records_supplied_raw_and_master_noise_values" time="0.003" /><testcase classname="tests.unit.test_base_recipe_qc_contracts" name="test_subtract_mean_flux_level_clips_outlier_and_preserves_frame_contract" time="0.002" /><testcase classname="tests.unit.test_base_recipe_qc_contracts" name="test_xshooter_rotation_and_binned_trim_preserve_science_region" time="0.002" /><testcase classname="tests.unit.test_base_util" name="test_base_util_initializes_orientation_and_default_binning[x-expectedAxes0]" time="0.001" /><testcase classname="tests.unit.test_base_util" name="test_base_util_initializes_orientation_and_default_binning[y-expectedAxes1]" time="0.001" /><testcase classname="tests.unit.test_base_util" name="test_base_util_reads_format_and_rebins_two_d_map" time="0.061" /><testcase classname="tests.unit.test_cli_dispatch" name="test_tab_complete_returns_matching_path_then_sentinel" time="0.019" /><testcase classname="tests.unit.test_cli_dispatch" name="test_main_dispatches_recipe_commands_to_recording_adapters[argv0-soxs_mbias-extraArguments0]" time="0.011" /><testcase classname="tests.unit.test_cli_dispatch" name="test_main_dispatches_recipe_commands_to_recording_adapters[argv1-soxs_mdark-extraArguments1]" time="0.009" /><testcase classname="tests.unit.test_cli_dispatch" name="test_main_dispatches_recipe_commands_to_recording_adapters[argv2-soxs_disp_solution-extraArguments2]" time="0.009" /><testcase classname="tests.unit.test_cli_dispatch" name="test_main_dispatches_recipe_commands_to_recording_adapters[argv3-soxs_order_centres-extraArguments3]" time="0.009" /><testcase classname="tests.unit.test_cli_dispatch" name="test_main_dispatches_recipe_commands_to_recording_adapters[argv4-soxs_mflat-extraArguments4]" time="0.009" /><testcase classname="tests.unit.test_cli_dispatch" name="test_main_dispatches_recipe_commands_to_recording_adapters[argv5-soxs_spatial_solution-extraArguments5]" time="0.008" /><testcase classname="tests.unit.test_cli_dispatch" name="test_main_dispatches_recipe_commands_to_recording_adapters[argv6-soxs_stare-extraArguments6]" time="0.008" /><testcase classname="tests.unit.test_cli_dispatch" name="test_main_dispatches_recipe_commands_to_recording_adapters[argv7-soxs_nod-extraArguments7]" time="0.008" /><testcase classname="tests.unit.test_cli_dispatch" name="test_main_dispatches_recipe_commands_to_recording_adapters[argv8-soxs_offset-extraArguments8]" time="0.008" /><testcase classname="tests.unit.test_cli_dispatch" name="test_main_ignores_supplied_arguments_and_reparses_process_argv" time="0.008" /><testcase classname="tests.unit.test_cli_dispatch" name="test_main_reduce_all_converts_batch_and_forwards_flags" time="0.009" /><testcase classname="tests.unit.test_cli_dispatch" name="test_main_reduce_returns_before_dispatch_when_workspace_is_unprepared" time="0.009" /><testcase classname="tests.unit.test_cli_dispatch" name="test_main_dispatches_workspace_commands_to_data_organiser[argv0-expectedCall0]" time="0.008" /><testcase classname="tests.unit.test_cli_dispatch" name="test_main_dispatches_workspace_commands_to_data_organiser[argv1-expectedCall1]" time="0.008" /><testcase classname="tests.unit.test_cli_dispatch" name="test_main_dispatches_workspace_commands_to_data_organiser[argv2-expectedCall2]" time="0.008" /><testcase classname="tests.unit.test_cli_dispatch" name="test_main_dispatches_workspace_commands_to_data_organiser[argv3-expectedCall3]" time="0.008" /><testcase classname="tests.unit.test_cli_dispatch" name="test_main_dispatches_workspace_commands_to_data_organiser[argv4-expectedCall4]" time="0.008" /><testcase classname="tests.unit.test_cli_dispatch" name="test_main_dispatches_workspace_commands_to_data_organiser[argv5-expectedCall5]" time="0.008" /><testcase classname="tests.unit.test_cli_dispatch" name="test_main_raw_reports_inventory_and_exports_available_files[rawPaths0]" time="0.009" /><testcase classname="tests.unit.test_cli_dispatch" name="test_main_raw_reports_inventory_and_exports_available_files[rawPaths1]" time="0.012" /><testcase classname="tests.unit.test_cli_dispatch" name="test_main_raw_rejects_frame_outside_workspace_raw_directory" time="0.010" /><testcase classname="tests.unit.test_cli_dispatch" name="test_main_exits_cleanly_when_initial_session_lookup_is_unsafe" time="0.008" /><testcase classname="tests.unit.test_cli_dispatch" name="test_main_raw_rejects_export_directory_symlink_outside_workspace" time="0.010" /><testcase classname="tests.unit.test_cli_dispatch" name="test_main_raw_rejects_destination_symlink_outside_workspace" time="0.010" /><testcase classname="tests.unit.test_cli_dispatch" name="test_main_changes_only_into_requested_test_workspace" time="0.008" /><testcase classname="tests.unit.test_cli_dispatch" name="test_main_uses_current_session_settings_when_no_path_is_supplied" time="0.008" /><testcase classname="tests.unit.test_cli_dispatch" name="test_main_watch_dispatches_daemon_lifecycle_without_starting_action[start]" time="0.008" /><testcase classname="tests.unit.test_cli_dispatch" name="test_main_watch_dispatches_daemon_lifecycle_without_starting_action[stop]" time="0.008" /><testcase classname="tests.unit.test_cli_dispatch" name="test_main_watch_dispatches_daemon_lifecycle_without_starting_action[status]" time="0.008" /><testcase classname="tests.unit.test_cli_dispatch" name="test_main_file_exists_failure_exits_successfully" time="0.008" /><testcase classname="tests.unit.test_cli_dispatch" name="test_main_logs_recipe_failure_then_finishes_dispatch" time="0.008" /><testcase classname="tests.unit.test_clipping_and_stacking" name="test_clip_and_stack_rejects_empty_input" time="0.009" /><testcase classname="tests.unit.test_clipping_and_stacking" name="test_clip_and_stack_returns_single_frame_unchanged" time="0.009" /><testcase classname="tests.unit.test_clipping_and_stacking" name="test_clip_and_stack_rejects_outlier_and_propagates_mask_and_uncertainty" time="0.010" /><testcase classname="tests.unit.test_clipping_and_stacking" name="test_clip_and_stack_can_disable_post_stack_clipping" time="0.010" /><testcase classname="tests.unit.test_continuum_detection" name="test_calculate_residuals_matches_exact_global_trace" time="0.003" /><testcase classname="tests.unit.test_continuum_detection" name="test_global_fit_removes_nan_and_outlier_rows" time="0.008" /><testcase classname="tests.unit.test_continuum_detection" name="test_global_fit_preserves_empty_input_failure" time="0.004" /><testcase classname="tests.unit.test_continuum_detection" name="test_get_stops_before_fitting_when_trace_sampling_is_insufficient" time="0.002" /><testcase classname="tests.unit.test_continuum_detection" name="test_get_returns_no_solution_after_exhausting_polynomial_retries" time="0.004" /><testcase classname="tests.unit.test_continuum_detection" name="test_get_records_fitted_trace_qc_product_and_order_table" time="0.006" /><testcase classname="tests.unit.test_continuum_detection" name="test_gaussian_slice_fit_recovers_trace_and_leaves_low_signal_unfitted" time="0.005" /><testcase classname="tests.unit.test_continuum_detection" name="test_constructor_resolves_trace_orientation_and_nodding_metadata" time="0.015" /><testcase classname="tests.unit.test_continuum_detection" name="test_create_pixel_arrays_samples_each_spectral_order" time="0.004" /><testcase classname="tests.unit.test_continuum_detection" name="test_sample_trace_records_detection_qc_for_analytic_trace" time="0.010" /><testcase classname="tests.unit.test_continuum_detection" name="test_sample_trace_keeps_soxs_vis_order_groups_separate_until_fitted" time="0.017" /><testcase classname="tests.unit.test_continuum_detection" name="test_plot_results_writes_continuum_diagnostic_and_order_limits" time="1.249" /><testcase classname="tests.unit.test_create_dispersion_map_helpers" name="test_store_init_params_deep_copies_recipe_settings" time="0.002" /><testcase classname="tests.unit.test_create_dispersion_map_helpers" name="test_constructor_preserves_inputs_and_initializes_output_workspace" time="0.296" /><testcase classname="tests.unit.test_create_dispersion_map_helpers" name="test_nir_lamp_validation_requires_argon_and_mercury[VIS-Ne-False]" time="0.002" /><testcase classname="tests.unit.test_create_dispersion_map_helpers" name="test_nir_lamp_validation_requires_argon_and_mercury[NIR-ArHg-False]" time="0.002" /><testcase classname="tests.unit.test_create_dispersion_map_helpers" name="test_nir_lamp_validation_requires_argon_and_mercury[NIR-Ar-True]" time="0.002" /><testcase classname="tests.unit.test_create_dispersion_map_helpers" name="test_recipe_name_tracks_first_guess_mode[False-soxs-disp-solution]" time="0.002" /><testcase classname="tests.unit.test_create_dispersion_map_helpers" name="test_recipe_name_tracks_first_guess_mode[first.fits-soxs-spat-solution]" time="0.002" /><testcase classname="tests.unit.test_create_dispersion_map_helpers" name="test_image_orientation_follows_detector_configuration[x-expected0]" time="0.002" /><testcase classname="tests.unit.test_create_dispersion_map_helpers" name="test_image_orientation_follows_detector_configuration[y-expected1]" time="0.002" /><testcase classname="tests.unit.test_create_dispersion_map_helpers" name="test_recipe_settings_initialize_slit_degree_by_mode[False-2-0]" time="0.002" /><testcase classname="tests.unit.test_create_dispersion_map_helpers" name="test_recipe_settings_initialize_slit_degree_by_mode[False-orderDegree1-expectedSlitDegree1]" time="0.002" /><testcase classname="tests.unit.test_create_dispersion_map_helpers" name="test_recipe_settings_initialize_slit_degree_by_mode[True-2-1]" time="0.001" /><testcase classname="tests.unit.test_create_dispersion_map_helpers" name="test_prepare_pinhole_frame_masks_pixels_and_records_statistics" time="0.002" /><testcase classname="tests.unit.test_create_dispersion_map_helpers" name="test_resolution_measurement_fits_a_gaussian_slit_profile[x]" time="0.005" /><testcase classname="tests.unit.test_create_dispersion_map_helpers" name="test_resolution_measurement_fits_a_gaussian_slit_profile[y]" time="0.005" /><testcase classname="tests.unit.test_create_dispersion_map_helpers" name="test_position_differences_add_group_means_once" time="0.008" /><testcase classname="tests.unit.test_create_dispersion_map_helpers" name="test_detection_parameters_characterize_iteration_modes[0-True-False-expected0]" time="0.002" /><testcase classname="tests.unit.test_create_dispersion_map_helpers" name="test_detection_parameters_characterize_iteration_modes[0-False-False-expected1]" time="0.002" /><testcase classname="tests.unit.test_create_dispersion_map_helpers" name="test_detection_parameters_characterize_iteration_modes[1-False-False-expected2]" time="0.002" /><testcase classname="tests.unit.test_create_dispersion_map_helpers" name="test_detection_parameters_characterize_iteration_modes[2-False-False-expected3]" time="0.002" /><testcase classname="tests.unit.test_create_dispersion_map_helpers" name="test_detection_parameters_characterize_iteration_modes[0-False-True-expected4]" time="0.002" /><testcase classname="tests.unit.test_create_dispersion_map_helpers" name="test_detection_parameters_characterize_iteration_modes[1-False-True-expected5]" time="0.002" /><testcase classname="tests.unit.test_create_dispersion_map_helpers" name="test_multiple_detection_lists_explode_and_coerce_numeric_values" time="0.004" /><testcase classname="tests.unit.test_create_dispersion_map_helpers" name="test_detection_qc_metrics_append_complete_rows[soxs-disp-solution]" time="0.003" /><testcase classname="tests.unit.test_create_dispersion_map_helpers" name="test_detection_qc_metrics_append_complete_rows[soxs-spat-solution]" time="0.002" /><testcase classname="tests.unit.test_create_dispersion_map_helpers" name="test_cluster_center_falls_back_after_relaxing_search" time="0.001" /><testcase classname="tests.unit.test_create_dispersion_map_helpers" name="test_cluster_shift_updates_detector_coordinates_when_found" time="0.003" /><testcase classname="tests.unit.test_create_dispersion_map_helpers" name="test_cluster_shift_leaves_empty_selection_unchanged" time="0.003" /><testcase classname="tests.unit.test_create_dispersion_map_helpers" name="test_order_shift_statistics_return_robust_axis_values" time="0.002" /><testcase classname="tests.unit.test_create_dispersion_map_helpers" name="test_multipinhole_shift_returns_after_late_iteration_and_rejects_short_set" time="0.003" /><testcase classname="tests.unit.test_create_dispersion_map_helpers" name="test_multipinhole_shift_corrects_the_axis_with_the_larger_end_shift" time="0.004" /><testcase classname="tests.unit.test_create_dispersion_map_helpers" name="test_straighten_mph_sets_projects_points_without_mutating_input" time="0.002" /><testcase classname="tests.unit.test_create_dispersion_map_helpers" name="test_polynomial_degree_reduction_targets_failed_axis[None-None-3-2-1-expected0]" time="0.002" /><testcase classname="tests.unit.test_create_dispersion_map_helpers" name="test_polynomial_degree_reduction_targets_failed_axis[xerror-None-wavelength1-order1-slit1-expected1]" time="0.002" /><testcase classname="tests.unit.test_create_dispersion_map_helpers" name="test_polynomial_degree_reduction_targets_failed_axis[None-yerror-wavelength2-order2-slit2-expected2]" time="0.002" /><testcase classname="tests.unit.test_create_dispersion_map_helpers" name="test_frame_technique_maps_supported_headers[ECHELLE,PINHOLE-single]" time="0.002" /><testcase classname="tests.unit.test_create_dispersion_map_helpers" name="test_frame_technique_maps_supported_headers[ECHELLE,MULTI-PINHOLE-multi]" time="0.002" /><testcase classname="tests.unit.test_create_dispersion_map_helpers" name="test_frame_technique_rejects_unsupported_header" time="0.002" /><testcase classname="tests.unit.test_create_dispersion_map_helpers" name="test_binning_parameters_default_for_nir_or_missing_cards[VIS-header0-expected0]" time="0.001" /><testcase classname="tests.unit.test_create_dispersion_map_helpers" name="test_binning_parameters_default_for_nir_or_missing_cards[VIS-header1-expected1]" time="0.002" /><testcase classname="tests.unit.test_create_dispersion_map_helpers" name="test_binning_parameters_default_for_nir_or_missing_cards[NIR-header2-expected2]" time="0.001" /><testcase classname="tests.unit.test_create_dispersion_map_helpers" name="test_line_list_cleaning_standardizes_types_and_removes_flags" time="0.003" /><testcase classname="tests.unit.test_create_dispersion_map_helpers" name="test_coordinate_transform_characterizes_instrument_indexing[XSHOOTER-VIS-9.0-19.0]" time="0.002" /><testcase classname="tests.unit.test_create_dispersion_map_helpers" name="test_coordinate_transform_characterizes_instrument_indexing[SOXS-VIS-10.0-20.0]" time="0.002" /><testcase classname="tests.unit.test_create_dispersion_map_helpers" name="test_mid_slit_filter_and_incomplete_set_removal_preserve_complete_groups" time="0.008" /><testcase classname="tests.unit.test_create_dispersion_map_helpers" name="test_first_guess_corrections_apply_mid_slit_offset_to_complete_group" time="0.011" /><testcase classname="tests.unit.test_create_dispersion_map_helpers" name="test_predicted_line_list_runs_mode_specific_collaborators" time="0.002" /><testcase classname="tests.unit.test_create_dispersion_map_helpers" name="test_output_filenames_and_clipped_line_qc_use_sof_name" time="0.002" /><testcase classname="tests.unit.test_create_dispersion_map_helpers" name="test_output_filenames_derive_line_list_names_from_frame" time="0.001" /><testcase classname="tests.unit.test_create_dispersion_map_helpers" name="test_multipinhole_shift_corrects_larger_first_iteration_offset" time="0.004" /><testcase classname="tests.unit.test_create_dispersion_map_helpers" name="test_line_list_columns_sort_and_mark_clipped_rows[False]" time="0.004" /><testcase classname="tests.unit.test_create_dispersion_map_helpers" name="test_line_list_columns_sort_and_mark_clipped_rows[True]" time="0.005" /><testcase classname="tests.unit.test_create_dispersion_map_helpers" name="test_line_list_writers_create_fits_files_and_register_qc_products" time="0.061" /><testcase classname="tests.unit.test_create_dispersion_map_helpers" name="test_calculate_residuals_returns_analytic_pixel_scale_and_resolution" time="0.028" /><testcase classname="tests.unit.test_create_dispersion_map_helpers" name="test_largest_cluster_center_ignores_noise_and_returns_none_without_cluster" time="0.766" /><testcase classname="tests.unit.test_create_dispersion_map_public" name="test_create_new_static_line_list_expands_ranked_atlas_lines_to_detector_positions" time="0.022" /><testcase classname="tests.unit.test_create_dispersion_map_public" name="test_map_to_image_combines_orders_and_writes_three_extension_fits_product" time="0.016" /><testcase classname="tests.unit.test_create_dispersion_map_public" name="test_convert_and_fit_places_nearest_valid_projection_in_detector_maps" time="0.013" /><testcase classname="tests.unit.test_create_dispersion_map_public" name="test_order_to_image_stops_after_a_terminal_projection_pass" time="0.002" /><testcase classname="tests.unit.test_create_dispersion_map_public" name="test_update_static_line_list_projects_each_unique_line_at_each_slit_position" time="0.006" /><testcase classname="tests.unit.test_create_dispersion_map_public" name="test_measure_line_position_selects_nearest_or_brightest_source_and_handles_iraf_failure[False-1.0]" time="0.002" /><testcase classname="tests.unit.test_create_dispersion_map_public" name="test_measure_line_position_selects_nearest_or_brightest_source_and_handles_iraf_failure[True-3.0]" time="0.002" /><testcase classname="tests.unit.test_create_dispersion_map_public" name="test_write_map_to_file_serializes_per_axis_coefficients_and_metadata" time="0.005" /><testcase classname="tests.unit.test_create_dispersion_map_public" name="test_fit_polynomials_returns_axis_error_when_first_fit_fails" time="0.003" /><testcase classname="tests.unit.test_create_dispersion_map_public" name="test_fit_polynomials_returns_y_axis_error_after_a_successful_x_fit" time="0.003" /><testcase classname="tests.unit.test_create_dispersion_map_public" name="test_fit_polynomials_retains_dropped_lines_and_runs_final_qc_fit" time="0.009" /><testcase classname="tests.unit.test_create_dispersion_map_public" name="test_detect_pinhole_arc_lines_uses_shifted_positions_and_collects_measurements" time="0.006" /><testcase classname="tests.unit.test_create_dispersion_map_public" name="test_get_writes_the_fitted_map_and_returns_workflow_products" time="0.007" /><testcase classname="tests.unit.test_create_dispersion_map_public" name="test_get_detects_and_shifts_lines_before_fitting" time="0.007" /><testcase classname="tests.unit.test_create_dispersion_map_public" name="test_get_bootstraps_a_spatial_map_then_writes_its_image_product" time="0.014" /><testcase classname="tests.unit.test_create_dispersion_map_public" name="test_map_to_image_writes_wavelength_slit_and_order_extensions" time="0.015" /><testcase classname="tests.unit.test_create_dispersion_map_public" name="test_convert_and_fit_keeps_nearest_model_value_per_detector_pixel" time="0.012" /><testcase classname="tests.unit.test_create_dispersion_map_public" name="test_create_placeholder_images_marks_only_order_footprints[False-nan-0.0-nan]" time="0.005" /><testcase classname="tests.unit.test_create_dispersion_map_public" name="test_create_placeholder_images_marks_only_order_footprints[True-0.0-nan-10.0]" time="0.004" /><testcase classname="tests.unit.test_create_dispersion_map_public" name="test_predicted_line_list_loads_cleans_and_selects_the_mid_slit" time="0.018" /><testcase classname="tests.unit.test_create_dispersion_map_public" name="test_first_guess_corrections_shift_complete_multi_pinhole_sets" time="0.012" /><testcase classname="tests.unit.test_create_dispersion_map_public" name="test_qc_plot_writes_single_pinhole_residual_product[False-False]" time="0.787" /><testcase classname="tests.unit.test_create_dispersion_map_public" name="test_qc_plot_writes_single_pinhole_residual_product[True-False]" time="0.869" /><testcase classname="tests.unit.test_create_dispersion_map_public" name="test_qc_plot_writes_single_pinhole_residual_product[False-True]" time="0.779" /><testcase classname="tests.unit.test_create_dispersion_map_public" name="test_fit_polynomials_clips_outliers_and_retains_previously_dropped_lines" time="0.013" /><testcase classname="tests.unit.test_create_dispersion_map_public" name="test_fit_polynomials_clips_an_entire_multi_pinhole_arc_line_set" time="0.023" /><testcase classname="tests.unit.test_create_dispersion_map_public" name="test_qc_plot_with_an_arc_frame_measures_slit_geometry" time="0.884" /><testcase classname="tests.unit.test_create_dispersion_map_public" name="test_metric_clipping_marks_line_sets_with_each_pre_fit_diagnostic" time="0.065" /><testcase classname="tests.unit.test_create_dispersion_map_public" name="test_measure_line_position_detects_a_synthetic_arc_feature[True]" time="0.013" /><testcase classname="tests.unit.test_create_dispersion_map_public" name="test_measure_line_position_detects_a_synthetic_arc_feature[False]" time="0.004" /><testcase classname="tests.unit.test_data_organiser_groups" name="test_group_raw_frames_preserves_members_and_uses_earliest_timestamp" time="0.044" /><testcase classname="tests.unit.test_data_organiser_groups" name="test_group_raw_frames_can_omit_member_paths_and_start_timestamp" time="0.005" /><testcase classname="tests.unit.test_data_organiser_groups" name="test_predict_product_frames_builds_stable_reduced_fits_path" time="0.013" /><testcase classname="tests.unit.test_data_organiser_groups" name="test_predict_product_frames_reports_existing_incomplete_products" time="0.003" /><testcase classname="tests.unit.test_detect_order_edges_helpers" name="test_flux_threshold_uses_central_order_cross_section" time="0.003" /><testcase classname="tests.unit.test_detect_order_edges_helpers" name="test_flux_threshold_leaves_order_unchanged_when_slice_is_out_of_bounds" time="0.002" /><testcase classname="tests.unit.test_detect_order_edges_helpers" name="test_edge_positions_interpolate_threshold_crossings" time="0.002" /><testcase classname="tests.unit.test_detect_order_edges_helpers" name="test_get_records_edge_fits_qc_and_product_contracts" time="0.013" /><testcase classname="tests.unit.test_detect_order_edges_helpers" name="test_plot_results_writes_order_edge_diagnostic" time="0.254" /><testcase classname="tests.unit.test_detect_order_edges_helpers" name="test_constructor_resolves_vis_metadata_and_qc_directories" time="0.015" /><testcase classname="tests.unit.test_detect_order_edges_helpers" name="test_write_order_table_preserves_mflat_fits_contract" time="0.039" /><testcase classname="tests.unit.test_dispersion_cache" name="test_same_resolved_path_and_mtime_reuses_parsed_coefficients" time="0.020" /><testcase classname="tests.unit.test_dispersion_cache" name="test_distinct_paths_changed_mtime_and_reset_each_reload_coefficients" time="0.051" /><testcase classname="tests.unit.test_dispersion_cache" name="test_fits_coefficients_preserve_axes_degrees_and_nan_padding" time="0.014" /><testcase classname="tests.unit.test_dispersion_cache" name="test_zero_degree_maps_use_one_coefficient_per_axis" time="0.014" /><testcase classname="tests.unit.test_dispersion_cache" name="test_missing_fit_cache_uses_axis_specific_degree_lengths" time="0.002" /><testcase classname="tests.unit.test_dispersion_cache" name="test_fit_cache_reads_fits_coefficients_unless_reset" time="0.016" /><testcase classname="tests.unit.test_dispersion_conversion" name="test_conversion_evaluates_coefficients_and_preserves_columns" time="0.018" /><testcase classname="tests.unit.test_dispersion_conversion" name="test_conversion_filters_off_detector_rows_and_trims_columns" time="0.018" /><testcase classname="tests.unit.test_environment" name="test_runtime_directories_are_isolated_under_tmp_path" time="0.001" /><testcase classname="tests.unit.test_environment" name="test_numerical_libraries_are_limited_to_one_thread" time="0.001" /><testcase classname="tests.unit.test_environment" name="test_network_connections_are_rejected" time="0.002" /><testcase classname="tests.unit.test_environment" name="test_socket_class_remains_subclassable" time="0.001" /><testcase classname="tests.unit.test_environment" name="test_name_resolution_is_rejected" time="0.001" /><testcase classname="tests.unit.test_environment" name="test_unix_socket_preserves_fileno_construction_semantics" time="0.001" /><testcase classname="tests.unit.test_environment" name="test_udp_sendto_is_rejected" time="0.001" /><testcase classname="tests.unit.test_environment" name="test_udp_sendmsg_is_rejected" time="0.001" /><testcase classname="tests.unit.test_extraction" name="test_compute_extractions_recovers_a_known_profile_and_sorts_wavelengths" time="0.004" /><testcase classname="tests.unit.test_extraction" name="test_sigma_clip_mask_keeps_bad_pixels_and_nan_values_masked" time="0.002" /><testcase classname="tests.unit.test_factories" name="test_settings_factory_returns_fresh_nested_state" time="0.001" /><testcase classname="tests.unit.test_factories" name="test_dataframe_factories_return_fresh_tables" time="0.003" /><testcase classname="tests.unit.test_factories" name="test_seeded_frame_and_signal_factories_are_deterministic" time="0.002" /><testcase classname="tests.unit.test_filenamer" name="test_filenamer_names_soxs_bias_from_resolved_headers" time="0.015" /><testcase classname="tests.unit.test_filenamer" name="test_filenamer_names_prepared_bias_as_master_bias" time="0.015" /><testcase classname="tests.unit.test_filenamer" name="test_filenamer_returns_none_for_processed_product" time="0.014" /><testcase classname="tests.unit.test_filenamer" name="test_filenamer_rejects_unknown_frame_type" time="0.022" /><testcase classname="tests.unit.test_filenamer" name="test_filenamer_covers_supported_observation_and_calibration_names[xsh-headerOverrides0-False-2024.01.02T03.04.05.678_VIS_ROSPEED1_BIAS.fits]" time="0.053" /><testcase classname="tests.unit.test_filenamer" name="test_filenamer_covers_supported_observation_and_calibration_names[xsh-headerOverrides1-False-2024.01.02T03.04.05.678_VIS_SLOW_BIAS.fits]" time="0.038" /><testcase classname="tests.unit.test_filenamer" name="test_filenamer_covers_supported_observation_and_calibration_names[xsh-headerOverrides2-False-2024.01.02T03.04.05.678_VIS_FAST_BIAS.fits]" time="0.036" /><testcase classname="tests.unit.test_filenamer" name="test_filenamer_covers_supported_observation_and_calibration_names[soxs-headerOverrides3-True-2024.01.02T03.04.05.678_VIS_RO2_MDARK.fits]" time="0.014" /><testcase classname="tests.unit.test_filenamer" name="test_filenamer_covers_supported_observation_and_calibration_names[soxs-headerOverrides4-False-2024.01.02T03.04.05.678_VIS_RO2_QLAMP_FLAT_SLIT.fits]" time="0.015" /><testcase classname="tests.unit.test_filenamer" name="test_filenamer_covers_supported_observation_and_calibration_names[soxs-headerOverrides5-False-2024.01.02T03.04.05.678_VIS_RO2_DLAMP_FLAT_SLIT.fits]" time="0.014" /><testcase classname="tests.unit.test_filenamer" name="test_filenamer_covers_supported_observation_and_calibration_names[soxs-headerOverrides6-False-2024.01.02T03.04.05.678_VIS_RO2_ARC_ONEPIN.fits]" time="0.014" /><testcase classname="tests.unit.test_filenamer" name="test_filenamer_covers_supported_observation_and_calibration_names[soxs-headerOverrides7-False-2024.01.02T03.04.05.678_VIS_RO2_FLAT_MULTIPIN.fits]" time="0.092" /><testcase classname="tests.unit.test_filenamer" name="test_filenamer_covers_supported_observation_and_calibration_names[soxs-headerOverrides8-False-2024.01.02T03.04.05.678_VIS_RO2_OBJECT_STARE_HD_123_45_SLIT.fits]" time="0.016" /><testcase classname="tests.unit.test_filenamer" name="test_filenamer_covers_supported_observation_and_calibration_names[soxs-headerOverrides9-False-2024.01.02T03.04.05.678_VIS_RO2_STD_FLUX_STARE_EG_274_SLIT.fits]" time="0.015" /><testcase classname="tests.unit.test_filenamer" name="test_filenamer_rejects_unknown_xshooter_readout_mode" time="0.037" /><testcase classname="tests.unit.test_flux_calibration_math" name="test_flux_calibration_applies_exposure_extinction_and_response" time="0.002" /><testcase classname="tests.unit.test_flux_calibration_math" name="test_flux_calibration_preserves_nan_samples" time="0.001" /><testcase classname="tests.unit.test_horne_extraction_helpers" name="test_order_array_extraction_coerces_numeric_values_and_missing_object_flux" time="0.002" /><testcase classname="tests.unit.test_horne_extraction_helpers" name="test_extract_orchestrates_synthetic_orders_without_writing_products" time="0.003" /><testcase classname="tests.unit.test_horne_extraction_helpers" name="test_extract_returns_empty_results_when_no_order_trace_exists" time="0.002" /><testcase classname="tests.unit.test_horne_extraction_helpers" name="test_constructor_prepares_vis_extraction_after_trace_detection" time="0.004" /><testcase classname="tests.unit.test_horne_extraction_helpers" name="test_extract_writes_order_and_merged_product_contracts" time="0.007" /><testcase classname="tests.unit.test_horne_extraction_helpers" name="test_plot_extracted_spectrum_qc_writes_pdf_and_product_record" time="0.473" /><testcase classname="tests.unit.test_horne_extraction_helpers" name="test_skyline_matching_and_clipped_shift_reject_outliers" time="0.002" /><testcase classname="tests.unit.test_horne_extraction_helpers" name="test_local_skylines_filters_wavelengths_and_projects_single_order" time="0.004" /><testcase classname="tests.unit.test_horne_extraction_helpers" name="test_order_shift_qc_records_rounded_pixel_correction" time="0.002" /><testcase classname="tests.unit.test_horne_extraction_helpers" name="test_sky_peak_detection_retains_original_flux_and_peak_coordinates" time="0.243" /><testcase classname="tests.unit.test_horne_extraction_helpers" name="test_order_merge_resamples_nir_flux_and_preserves_variance" time="0.007" /><testcase classname="tests.unit.test_horne_extraction_helpers" name="test_order_merge_helpers_weight_signal_and_choose_lower_residual" time="0.002" /><testcase classname="tests.unit.test_horne_extraction_helpers" name="test_wavelength_tuning_uses_order_four_shift_for_unmatched_vis_order" time="0.006" /><testcase classname="tests.unit.test_horne_extraction_helpers" name="test_compute_extractions_returns_sorted_optimal_and_boxcar_spectra" time="0.004" /><testcase classname="tests.unit.test_horne_extraction_helpers" name="test_mask_generation_calculates_pixel_scale_and_propagates_bad_pixels" time="0.003" /><testcase classname="tests.unit.test_horne_extraction_helpers" name="test_profile_fitting_normalises_a_symmetric_slit_profile" time="0.002" /><testcase classname="tests.unit.test_horne_extraction_helpers" name="test_single_order_extraction_returns_sorted_science_columns" time="0.006" /><testcase classname="tests.unit.test_image_transformer_geometry" name="test_unzoom_rebins_complete_blocks[sum-expected0]" time="0.002" /><testcase classname="tests.unit.test_image_transformer_geometry" name="test_unzoom_rebins_complete_blocks[mean-expected1]" time="0.002" /><testcase classname="tests.unit.test_image_transformer_geometry" name="test_unzoom_returns_small_array_and_rejects_unknown_operation" time="0.002" /><testcase classname="tests.unit.test_image_transformer_geometry" name="test_pixel_boundary_grid_traces_each_cell_counter_clockwise" time="0.001" /><testcase classname="tests.unit.test_image_transformer_geometry" name="test_halfplane_clipping_interpolates_polygon_crossings" time="0.001" /><testcase classname="tests.unit.test_image_transformer_geometry" name="test_polygon_clipping_returns_exact_pixel_overlap_areas" time="0.395" /><testcase classname="tests.unit.test_image_transformer_geometry" name="test_resampling_kernel_records_positive_overlaps_and_skips_sentinels" time="0.666" /><testcase classname="tests.unit.test_image_transformer_geometry" name="test_cache_image_records_flux_mask_coverage_and_rectified_views" time="0.003" /><testcase classname="tests.unit.test_image_transformer_geometry" name="test_cache_image_without_mask_or_coverage_preserves_optional_contract" time="0.002" /><testcase classname="tests.unit.test_image_transformer_geometry" name="test_true_coordinate_cache_uses_bin_centres" time="0.002" /><testcase classname="tests.unit.test_image_transformer_geometry" name="test_rectified_boundaries_follow_map_orientation_and_skip_absent_orders[x]" time="0.004" /><testcase classname="tests.unit.test_image_transformer_geometry" name="test_rectified_boundaries_follow_map_orientation_and_skip_absent_orders[y]" time="0.004" /><testcase classname="tests.unit.test_image_transformer_geometry" name="test_sigma_clip_bpm_preserves_existing_bad_pixels" time="0.002" /><testcase classname="tests.unit.test_image_transformer_geometry" name="test_constructor_prepares_geometry_weights_and_coordinate_cache" time="0.002" /><testcase classname="tests.unit.test_image_transformer_geometry" name="test_precomputed_weights_convert_boundaries_once_and_preserve_area" time="1.384" /><testcase classname="tests.unit.test_legacy_integration_workflow" name="test_legacy_integration_runs_for_main_prs_and_weekly_schedule" time="0.003" /><testcase classname="tests.unit.test_lookups" name="test_keyword_lookup_resolves_scalar_list_and_index" time="0.028" /><testcase classname="tests.unit.test_lookups" name="test_keyword_lookup_defaults_to_soxs" time="0.009" /><testcase classname="tests.unit.test_lookups" name="test_keyword_lookup_rejects_unknown_alias" time="0.011" /><testcase classname="tests.unit.test_lookups" name="test_detector_lookup_is_case_insensitive_and_returns_expected_arm" time="0.008" /><testcase classname="tests.unit.test_lookups" name="test_detector_lookup_rejects_unknown_arm" time="0.009" /><testcase classname="tests.unit.test_mbias_qc" name="test_qc_bias_structure_records_axis_slopes" time="0.003" /><testcase classname="tests.unit.test_mbias_qc" name="test_qc_periodic_pattern_noise_records_maximum_frame_ratio" time="0.004" /><testcase classname="tests.unit.test_mflat_helpers" name="test_calibrate_frame_set_bias_corrects_each_soxs_lamp_collection" time="0.003" /><testcase classname="tests.unit.test_mflat_helpers" name="test_calibrate_frame_set_requires_at_least_one_flat_collection" time="0.003" /><testcase classname="tests.unit.test_mflat_helpers" name="test_calibrate_frame_set_selects_the_nearest_master_dark_for_nir_flats" time="0.003" /><testcase classname="tests.unit.test_mflat_helpers" name="test_find_uvb_overlap_order_scales_at_the_last_qth_dominated_order" time="0.005" /><testcase classname="tests.unit.test_mflat_helpers" name="test_normalise_flats_scales_each_frame_to_its_order_centre_mean" time="0.005" /><testcase classname="tests.unit.test_mflat_helpers" name="test_mask_low_sensitivity_pixels_returns_order_medians" time="0.003" /><testcase classname="tests.unit.test_mflat_helpers" name="test_stitch_uv_mflats_scales_d_lamp_and_uses_the_selected_order_edge" time="0.004" /><testcase classname="tests.unit.test_order_edge_detection" name="test_determine_order_flux_threshold_uses_smoothed_central_slice" time="0.003" /><testcase classname="tests.unit.test_order_edge_detection" name="test_edge_positions_are_symmetric_for_symmetric_profile" time="0.002" /><testcase classname="tests.unit.test_order_edge_detection" name="test_edge_positions_remain_nan_for_invalid_flat_profile" time="0.002" /><testcase classname="tests.unit.test_order_edge_detection" name="test_edge_positions_map_to_y_for_horizontal_dispersion" time="0.002" /><testcase classname="tests.unit.test_package_path" name="test_getpackagepath_returns_the_installed_package_root" time="0.002" /><testcase classname="tests.unit.test_polynomials" name="test_order_wavelength_polynomial_matches_worked_example" time="0.002" /><testcase classname="tests.unit.test_polynomials" name="test_order_wavelength_polynomial_accepts_precomputed_axis_powers" time="0.003" /><testcase classname="tests.unit.test_polynomials" name="test_order_wavelength_polynomial_preserves_empty_shape" time="0.002" /><testcase classname="tests.unit.test_polynomials" name="test_xy_polynomial_accepts_an_array" time="0.001" /><testcase classname="tests.unit.test_polynomials" name="test_order_xy_polynomial_matches_worked_example" time="0.002" /><testcase classname="tests.unit.test_public_imports" name="test_commonutils_public_imports_remain_available" time="0.001" /><testcase classname="tests.unit.test_public_imports" name="test_recipe_public_imports_include_every_recipe" time="0.001" /><testcase classname="tests.unit.test_public_imports" name="test_utkit_compatibility_import_remains_available" time="0.001" /><testcase classname="tests.unit.test_recipe_contracts" name="test_constructor_runs_shared_input_workflow_and_forwards_public_options[soxs_mbias-soxs-mbias]" time="0.002" /><testcase classname="tests.unit.test_recipe_contracts" name="test_constructor_runs_shared_input_workflow_and_forwards_public_options[soxs_mdark-soxs-mdark]" time="0.002" /><testcase classname="tests.unit.test_recipe_contracts" name="test_constructor_runs_shared_input_workflow_and_forwards_public_options[soxs_mflat-soxs-mflat]" time="0.002" /><testcase classname="tests.unit.test_recipe_contracts" name="test_constructor_runs_shared_input_workflow_and_forwards_public_options[soxs_disp_solution-soxs-disp-solution]" time="0.002" /><testcase classname="tests.unit.test_recipe_contracts" name="test_constructor_runs_shared_input_workflow_and_forwards_public_options[soxs_order_centres-soxs-order-centres]" time="0.002" /><testcase classname="tests.unit.test_recipe_contracts" name="test_constructor_runs_shared_input_workflow_and_forwards_public_options[soxs_spatial_solution-soxs-spat-solution]" time="0.002" /><testcase classname="tests.unit.test_recipe_contracts" name="test_constructor_runs_shared_input_workflow_and_forwards_public_options[soxs_stare-soxs-stare]" time="0.001" /><testcase classname="tests.unit.test_recipe_contracts" name="test_constructor_runs_shared_input_workflow_and_forwards_public_options[soxs_nod-soxs-nod]" time="0.002" /><testcase classname="tests.unit.test_recipe_contracts" name="test_constructor_runs_shared_input_workflow_and_forwards_public_options[soxs_offset-soxs-offset]" time="0.002" /><testcase classname="tests.unit.test_recipe_contracts" name="test_constructor_runs_shared_input_workflow_and_forwards_public_options[soxs_straighten-soxs-straighten]" time="0.002" /><testcase classname="tests.unit.test_recipe_contracts" name="test_verify_input_frames_accepts_complete_recipe_inventory[soxs_mbias-soxs-mbias-imageTypes0-imageTechniques0-imageCategories0-supplementaryInput0]" time="0.002" /><testcase classname="tests.unit.test_recipe_contracts" name="test_verify_input_frames_accepts_complete_recipe_inventory[soxs_mdark-soxs-mdark-imageTypes1-imageTechniques1-imageCategories1-supplementaryInput1]" time="0.002" /><testcase classname="tests.unit.test_recipe_contracts" name="test_verify_input_frames_accepts_complete_recipe_inventory[soxs_mflat-soxs-mflat-imageTypes2-imageTechniques2-imageCategories2-supplementaryInput2]" time="0.002" /><testcase classname="tests.unit.test_recipe_contracts" name="test_verify_input_frames_accepts_complete_recipe_inventory[soxs_disp_solution-soxs-disp-solution-imageTypes3-imageTechniques3-imageCategories3-supplementaryInput3]" time="0.002" /><testcase classname="tests.unit.test_recipe_contracts" name="test_verify_input_frames_accepts_complete_recipe_inventory[soxs_order_centres-soxs-order-centres-imageTypes4-imageTechniques4-imageCategories4-supplementaryInput4]" time="0.001" /><testcase classname="tests.unit.test_recipe_contracts" name="test_verify_input_frames_accepts_complete_recipe_inventory[soxs_spatial_solution-soxs-spat-solution-imageTypes5-imageTechniques5-imageCategories5-supplementaryInput5]" time="0.002" /><testcase classname="tests.unit.test_recipe_contracts" name="test_verify_input_frames_accepts_complete_recipe_inventory[soxs_stare-soxs-stare-imageTypes6-imageTechniques6-imageCategories6-supplementaryInput6]" time="0.001" /><testcase classname="tests.unit.test_recipe_contracts" name="test_verify_input_frames_accepts_complete_recipe_inventory[soxs_nod-soxs-nod-imageTypes7-imageTechniques7-imageCategories7-supplementaryInput7]" time="0.001" /><testcase classname="tests.unit.test_recipe_contracts" name="test_verify_input_frames_accepts_complete_recipe_inventory[soxs_offset-soxs-offset-imageTypes8-imageTechniques8-imageCategories8-supplementaryInput8]" time="0.002" /><testcase classname="tests.unit.test_recipe_contracts" name="test_verify_input_frames_accepts_complete_recipe_inventory[soxs_straighten-soxs-straighten-imageTypes9-imageTechniques9-imageCategories9-supplementaryInput9]" time="0.001" /><testcase classname="tests.unit.test_recipe_contracts" name="test_verify_input_frames_rejects_invalid_recipe_inventory[soxs_mbias-soxs-mbias-imageTypes0-imageTechniques0-imageCategories0-supplementaryInput0-not BIAS frames]" time="0.002" /><testcase classname="tests.unit.test_recipe_contracts" name="test_verify_input_frames_rejects_invalid_recipe_inventory[soxs_mdark-soxs-mdark-imageTypes1-imageTechniques1-imageCategories1-supplementaryInput1-not DARK frames]" time="0.002" /><testcase classname="tests.unit.test_recipe_contracts" name="test_verify_input_frames_rejects_invalid_recipe_inventory[soxs_mflat-soxs-mflat-imageTypes2-imageTechniques2-imageCategories2-supplementaryInput2-need to be flat-lamp frames]" time="0.002" /><testcase classname="tests.unit.test_recipe_contracts" name="test_verify_input_frames_rejects_invalid_recipe_inventory[soxs_disp_solution-soxs-disp-solution-imageTypes3-imageTechniques3-imageCategories3-supplementaryInput3-need to be single pinhole lamp]" time="0.003" /><testcase classname="tests.unit.test_recipe_contracts" name="test_verify_input_frames_rejects_invalid_recipe_inventory[soxs_order_centres-soxs-order-centres-imageTypes4-imageTechniques4-imageCategories4-supplementaryInput4-need to be single pinhole flat-lamp]" time="0.003" /><testcase classname="tests.unit.test_recipe_contracts" name="test_verify_input_frames_rejects_invalid_recipe_inventory[soxs_spatial_solution-soxs-spat-solution-imageTypes5-imageTechniques5-imageCategories5-supplementaryInput5-Found a UNEXPECTED frame]" time="0.003" /><testcase classname="tests.unit.test_recipe_contracts" name="test_verify_input_frames_rejects_invalid_recipe_inventory[soxs_stare-soxs-stare-imageTypes6-imageTechniques6-imageCategories6-supplementaryInput6-soxspipe stare need to be an object frame]" time="0.003" /><testcase classname="tests.unit.test_recipe_contracts" name="test_verify_input_frames_rejects_invalid_recipe_inventory[soxs_nod-soxs-nod-imageTypes7-imageTechniques7-imageCategories7-supplementaryInput7-Found a UNEXPECTED file]" time="0.003" /><testcase classname="tests.unit.test_recipe_contracts" name="test_verify_input_frames_rejects_invalid_recipe_inventory[soxs_offset-soxs-offset-imageTypes8-imageTechniques8-imageCategories8-supplementaryInput8-soxspipe nod need to be an object/std nodding frames]" time="0.003" /><testcase classname="tests.unit.test_recipe_contracts" name="test_verify_input_frames_rejects_invalid_recipe_inventory[soxs_straighten-soxs-straighten-imageTypes9-imageTechniques9-imageCategories9-supplementaryInput9-Need a full dispersion/spatial solution for VIS]" time="0.003" /><testcase classname="tests.unit.test_recipe_contracts" name="test_verify_input_frames_rejects_missing_calibration[soxs_mflat-soxs-mflat-imageTypes0-imageTechniques0-imageCategories0-supplementaryInput0-master-bias frame]" time="0.002" /><testcase classname="tests.unit.test_recipe_contracts" name="test_verify_input_frames_rejects_missing_calibration[soxs_disp_solution-soxs-disp-solution-imageTypes1-imageTechniques1-imageCategories1-supplementaryInput1-a master-bias]" time="0.002" /><testcase classname="tests.unit.test_recipe_contracts" name="test_verify_input_frames_rejects_missing_calibration[soxs_order_centres-soxs-order-centres-imageTypes2-imageTechniques2-imageCategories2-supplementaryInput2-dispersion solution table]" time="0.003" /><testcase classname="tests.unit.test_recipe_contracts" name="test_verify_input_frames_rejects_missing_calibration[soxs_spatial_solution-soxs-spat-solution-imageTypes3-imageTechniques3-imageCategories3-supplementaryInput3-order location table]" time="0.003" /><testcase classname="tests.unit.test_recipe_contracts" name="test_verify_input_frames_rejects_missing_calibration[soxs_stare-soxs-stare-imageTypes4-imageTechniques4-imageCategories4-supplementaryInput4-missing a DISP_TAB_VIS frame]" time="0.003" /><testcase classname="tests.unit.test_recipe_contracts" name="test_verify_input_frames_rejects_missing_calibration[soxs_nod-soxs-nod-imageTypes5-imageTechniques5-imageCategories5-supplementaryInput5-missing a DISP_IMAGE_VIS frame]" time="0.003" /><testcase classname="tests.unit.test_recipe_contracts" name="test_verify_input_frames_rejects_missing_calibration[soxs_offset-soxs-offset-imageTypes6-imageTechniques6-imageCategories6-supplementaryInput6-missing a DISP_IMAGE_VIS frame]" time="0.002" /><testcase classname="tests.unit.test_recipe_contracts" name="test_verify_input_frames_rejects_missing_calibration[soxs_straighten-soxs-straighten-imageTypes7-imageTechniques7-imageCategories7-supplementaryInput7-Need a full dispersion/spatial solution for VIS]" time="0.002" /><testcase classname="tests.unit.test_recipe_contracts" name="test_verify_input_frames_rejects_invalid_technique[soxs_mflat-soxs-mflat-imageTypes0-imageTechniques0-imageCategories0-flat-lamp on and lamp off frames for NIR]" time="0.003" /><testcase classname="tests.unit.test_recipe_contracts" name="test_verify_input_frames_rejects_invalid_technique[soxs_disp_solution-soxs-disp-solution-imageTypes1-imageTechniques1-imageCategories1-single pinhole lamp on and lamp off frames for NIR]" time="0.004" /><testcase classname="tests.unit.test_recipe_contracts" name="test_verify_input_frames_rejects_invalid_technique[soxs_order_centres-soxs-order-centres-imageTypes2-imageTechniques2-imageCategories2-single pinhole flat-lamp on and lamp off frames]" time="0.004" /><testcase classname="tests.unit.test_recipe_contracts" name="test_verify_input_frames_rejects_invalid_technique[soxs_spatial_solution-soxs-spat-solution-imageTypes3-imageTechniques3-imageCategories3-Found a UNEXPECTED file]" time="0.002" /><testcase classname="tests.unit.test_recipe_contracts" name="test_verify_input_frames_rejects_invalid_technique[soxs_stare-soxs-stare-imageTypes4-imageTechniques4-imageCategories4-missing a UNEXPECTED frame]" time="0.003" /><testcase classname="tests.unit.test_recipe_contracts" name="test_verify_input_frames_rejects_invalid_technique[soxs_nod-soxs-nod-imageTypes5-imageTechniques5-imageCategories5-soxspipe nod need to be an object/std nodding frames]" time="0.002" /><testcase classname="tests.unit.test_recipe_contracts" name="test_verify_input_frames_rejects_invalid_technique[soxs_offset-soxs-offset-imageTypes6-imageTechniques6-imageCategories6-soxspipe offset need to be an object/std offset frames]" time="0.003" /><testcase classname="tests.unit.test_reducer_dispatch" name="test_run_recipe_dispatches_supported_tokens_with_unchanged_arguments[mbias-soxs_mbias]" time="0.003" /><testcase classname="tests.unit.test_reducer_dispatch" name="test_run_recipe_dispatches_supported_tokens_with_unchanged_arguments[mdark-soxs_mdark]" time="0.002" /><testcase classname="tests.unit.test_reducer_dispatch" name="test_run_recipe_dispatches_supported_tokens_with_unchanged_arguments[disp_solution-soxs_disp_solution]" time="0.002" /><testcase classname="tests.unit.test_reducer_dispatch" name="test_run_recipe_dispatches_supported_tokens_with_unchanged_arguments[order_centres-soxs_order_centres]" time="0.002" /><testcase classname="tests.unit.test_reducer_dispatch" name="test_run_recipe_dispatches_supported_tokens_with_unchanged_arguments[mflat-soxs_mflat]" time="0.002" /><testcase classname="tests.unit.test_reducer_dispatch" name="test_run_recipe_dispatches_supported_tokens_with_unchanged_arguments[spat_solution-soxs_spatial_solution]" time="0.002" /><testcase classname="tests.unit.test_reducer_dispatch" name="test_run_recipe_dispatches_supported_tokens_with_unchanged_arguments[stare_obj-soxs_stare]" time="0.002" /><testcase classname="tests.unit.test_reducer_dispatch" name="test_run_recipe_dispatches_supported_tokens_with_unchanged_arguments[nod_std-soxs_nod]" time="0.002" /><testcase classname="tests.unit.test_reducer_dispatch" name="test_run_recipe_dispatches_supported_tokens_with_unchanged_arguments[offset_obj-soxs_offset]" time="0.002" /><testcase classname="tests.unit.test_reducer_dispatch" name="test_run_recipe_preserves_unknown_token_failure" time="0.001" /><testcase classname="tests.unit.test_reducer_dispatch" name="test_run_recipe_bulk_records_status_qc_errors_and_refreshes_changed_sofs" time="0.004" /><testcase classname="tests.unit.test_reducer_dispatch" name="test_run_recipe_bulk_skips_refresh_and_qc_when_workers_return_nothing" time="0.001" /><testcase classname="tests.unit.test_response_function_math" name="test_response_fit_recovers_a_linear_curve_and_rejects_outliers" time="0.002" /><testcase classname="tests.unit.test_response_function_math" name="test_response_fit_matches_the_legacy_multi_iteration_algorithm" time="0.003" /><testcase classname="tests.unit.test_response_function_math" name="test_response_fit_excludes_requested_wavelength_regions" time="0.002" /><testcase classname="tests.unit.test_response_function_math" name="test_response_fit_smooths_a_constant_nir_response" time="0.002" /><testcase classname="tests.unit.test_response_function_math" name="test_response_fit_preserves_native_preprocessing_and_zero_iteration_errors" time="0.003" /><testcase classname="tests.unit.test_response_function_math" name="test_response_fit_marks_only_iterative_convergence_failures" time="0.001" /><testcase classname="tests.unit.test_response_function_math" name="test_response_get_rejects_an_unknown_standard_star" time="0.004" /><testcase classname="tests.unit.test_response_function_math" name="test_response_get_writes_response_and_efficiency_products" time="0.003" /><testcase classname="tests.unit.test_response_function_public" name="test_response_constructor_reads_and_normalizes_synthetic_standard" time="0.023" /><testcase classname="tests.unit.test_response_function_public" name="test_write_response_function_to_file_preserves_fits_and_product_contract" time="0.037" /><testcase classname="tests.unit.test_response_function_public" name="test_plot_response_curve_writes_qc_pdf_and_product_row[False]" time="0.612" /><testcase classname="tests.unit.test_response_function_public" name="test_plot_response_curve_writes_qc_pdf_and_product_row[True]" time="0.760" /><testcase classname="tests.unit.test_response_function_public" name="test_get_writes_response_when_optional_efficiency_is_unavailable" time="0.003" /><testcase classname="tests.unit.test_settings_contract" name="test_base_recipe_requires_workspace_root_before_side_effects" time="0.002" /><testcase classname="tests.unit.test_sky_bspline_contracts" name="test_fit_bspline_curve_models_constant_sky_for_both_weighting_paths[VIS]" time="0.026" /><testcase classname="tests.unit.test_sky_bspline_contracts" name="test_fit_bspline_curve_models_constant_sky_for_both_weighting_paths[NIR]" time="0.023" /><testcase classname="tests.unit.test_sky_bspline_contracts" name="test_fit_bspline_curve_excludes_nan_flux_from_model_quality_metrics" time="0.026" /><testcase classname="tests.unit.test_sky_bspline_contracts" name="test_cross_dispersion_normaliser_retains_flux_and_adds_unity_ratio" time="0.004" /><testcase classname="tests.unit.test_sky_bspline_contracts" name="test_adjust_tilt_returns_wavelength_sorted_corrected_order" time="0.738" /><testcase classname="tests.unit.test_sky_subtraction" name="test_constructor_prepares_vis_sky_subtraction_metadata_and_workspace" time="0.015" /><testcase classname="tests.unit.test_sky_subtraction" name="test_placeholder_images_receive_model_flux_and_normalised_residuals[x]" time="0.003" /><testcase classname="tests.unit.test_sky_subtraction" name="test_placeholder_images_receive_model_flux_and_normalised_residuals[y]" time="0.002" /><testcase classname="tests.unit.test_sky_subtraction" name="test_subtract_runs_one_order_workflow_and_returns_finite_product_frames" time="0.011" /><testcase classname="tests.unit.test_sky_subtraction" name="test_subtract_records_order_and_frame_qc_products_when_requested" time="0.006" /><testcase classname="tests.unit.test_sky_subtraction" name="test_oversampled_sky_clips_requested_slit_edges_and_bad_pixels" time="0.006" /><testcase classname="tests.unit.test_sky_subtraction" name="test_rolling_window_clipping_rejects_an_isolated_object_peak" time="0.031" /><testcase classname="tests.unit.test_sky_subtraction" name="test_clip_object_slit_positions_updates_masks_and_local_noise" time="0.048" /><testcase classname="tests.unit.test_sky_subtraction" name="test_cross_dispersion_normaliser_keeps_the_current_unity_flux_contract" time="0.024" /><testcase classname="tests.unit.test_sky_subtraction" name="test_image_comparison_writes_recipe_named_pdf[UVB]" time="0.458" /><testcase classname="tests.unit.test_sky_subtraction" name="test_image_comparison_writes_recipe_named_pdf[VIS]" time="0.351" /><testcase classname="tests.unit.test_sky_subtraction" name="test_sky_sampling_plot_writes_a_complete_order_diagnostic" time="1.080" /><testcase classname="tests.unit.test_sky_subtraction" name="test_calculate_residuals_evaluates_polynomial_and_propagates_nan" time="0.004" /><testcase classname="tests.unit.test_sky_subtraction" name="test_object_clipping_marks_flagged_pixels_and_refreshes_local_noise" time="0.004" /><testcase classname="tests.unit.test_sky_subtraction" name="test_residual_floor_normalises_errors_and_flags_local_excess" time="0.007" /><testcase classname="tests.unit.test_sky_subtraction" name="test_rectify_order_builds_a_grid_and_masks_clipped_detector_pixels" time="0.006" /><testcase classname="tests.unit.test_sky_subtraction" name="test_over_sampled_sky_marks_bad_pixels_and_slit_edges_before_clipping" time="0.003" /><testcase classname="tests.unit.test_sky_subtraction" name="test_rolling_window_clipping_marks_an_isolated_bright_object_pixel" time="0.010" /><testcase classname="tests.unit.test_sky_subtraction" name="test_subtract_stops_without_products_when_order_sampling_requests_abort" time="0.003" /><testcase classname="tests.unit.test_sky_subtraction" name="test_subtract_assembles_modelled_order_and_optionally_registers_qc_plot[False]" time="0.003" /><testcase classname="tests.unit.test_sky_subtraction" name="test_subtract_assembles_modelled_order_and_optionally_registers_qc_plot[True]" time="0.004" /><testcase classname="tests.unit.test_sky_subtraction" name="test_object_clipping_marks_object_pixels_and_updates_local_noise" time="0.004" /><testcase classname="tests.unit.test_toolkit" name="test_cut_image_slice_returns_centered_medians_and_coordinates" time="0.002" /><testcase classname="tests.unit.test_toolkit" name="test_cut_image_slice_rejects_invalid_axis_and_out_of_bounds" time="0.002" /><testcase classname="tests.unit.test_toolkit" name="test_generic_quality_checks_records_mask_count_and_fraction[soxs-mdark-HOTPIX NUM-HOTPIX FRAC-hot pixels]" time="0.002" /><testcase classname="tests.unit.test_toolkit" name="test_generic_quality_checks_records_mask_count_and_fraction[soxs-mflat-COLDPIX NUM-COLDPIX FRAC-cold pixels]" time="0.002" /><testcase classname="tests.unit.test_toolkit" name="test_generic_quality_checks_records_mask_count_and_fraction[soxs-stare-BADPIX NUM-BADPIX FRAC-bad pixels]" time="0.002" /><testcase classname="tests.unit.test_toolkit" name="test_calibration_path_honors_instrument_setting" time="0.001" /><testcase classname="tests.unit.test_toolkit" name="test_predict_product_path_uses_observation_night_and_cli_recipe[arguments0-soxs-mbias]" time="0.027" /><testcase classname="tests.unit.test_toolkit" name="test_predict_product_path_uses_observation_night_and_cli_recipe[arguments1-soxs-mflat]" time="0.002" /><testcase classname="tests.unit.test_toolkit" name="test_add_recipe_logger_replaces_handlers_and_separates_messages" time="0.002" /><testcase classname="tests.unit.test_toolkit" name="test_max_filter_accepts_only_records_below_limit" time="0.001" /><testcase classname="tests.unit.test_toolkit" name="test_calibration_lamp_normalizes_and_concatenates_header_values" time="0.001" /><testcase classname="tests.unit.test_toolkit" name="test_utility_setup_creates_recipe_directories_under_workspace" time="0.002" /><testcase classname="tests.unit.test_toolkit" name="test_calculate_rolling_snr_places_finite_values_at_window_centers" time="0.004" /><testcase classname="tests.unit.test_toolkit" name="test_frame_to_32_converts_data_and_uncertainty_in_place" time="0.002" /><testcase classname="tests.unit.test_toolkit" name="test_add_snr_efficiency_qcs_records_global_and_per_order_values" time="0.007" /><testcase classname="tests.unit.test_toolkit" name="test_qc_settings_plot_tables_limits_qcs_and_hides_axes" time="0.033" /><testcase classname="tests.unit.test_toolkit_plotting" name="test_quicklook_returns_before_importing_plotting_when_disabled" time="0.002" /><testcase classname="tests.unit.test_toolkit_plotting" name="test_quicklook_renders_each_ccd_extension_without_showing[data]" time="0.150" /><testcase classname="tests.unit.test_toolkit_plotting" name="test_quicklook_renders_each_ccd_extension_without_showing[mask]" time="0.141" /><testcase classname="tests.unit.test_toolkit_plotting" name="test_quicklook_renders_each_ccd_extension_without_showing[uncertainty]" time="0.134" /><testcase classname="tests.unit.test_toolkit_plotting" name="test_quicklook_surface_plot_supports_each_orientation[SOXS]" time="0.193" /><testcase classname="tests.unit.test_toolkit_plotting" name="test_quicklook_surface_plot_supports_each_orientation[XSHOOTER]" time="0.193" /><testcase classname="tests.unit.test_toolkit_plotting" name="test_quicklook_surface_plot_supports_each_orientation[OTHER]" time="0.191" /><testcase classname="tests.unit.test_toolkit_plotting" name="test_quicklook_uses_default_instrument_for_plain_array" time="0.133" /><testcase classname="tests.unit.test_toolkit_plotting" name="test_merged_spectrum_plot_skips_work_when_no_product_table_is_supplied" time="0.002" /><testcase classname="tests.unit.test_toolkit_plotting" name="test_merged_spectrum_plot_writes_qc_pdf_and_product_record[False]" time="0.629" /><testcase classname="tests.unit.test_toolkit_plotting" name="test_merged_spectrum_plot_writes_qc_pdf_and_product_record[True]" time="0.636" /><testcase classname="tests.unit.test_toolkit_plotting" name="test_dispersion_grid_builds_order_edges_and_cross_lines[False]" time="0.004" /><testcase classname="tests.unit.test_toolkit_plotting" name="test_dispersion_grid_builds_order_edges_and_cross_lines[True]" time="0.004" /><testcase classname="tests.unit.test_uncompress" name="test_uncompress_passes_sorted_paths_without_a_shell" time="0.002" /><testcase classname="tests.unit.test_uncompress" name="test_uncompress_ignores_non_archives" time="0.002" /><testcase classname="tests.unit.test_uncompress" name="test_uncompress_reports_a_missing_executable" time="0.002" /><testcase classname="tests.unit.test_uncompress" name="test_uncompress_reports_command_not_found_stderr" time="0.002" /><testcase classname="tests.unit.test_uncompress" name="test_uncompress_logs_a_nonzero_process_result_without_misclassifying_it" time="0.002" /><testcase classname="tests.unit.test_uncompress" name="test_uncompress_does_not_report_success_for_a_nonzero_empty_result" time="0.002" /><testcase classname="tests.unit.test_uncompress" name="test_uncompress_logs_other_process_errors" time="0.002" /><testcase classname="tests.unit.test_utkit_compatibility" name="test_utkit_builds_legacy_paths_and_optional_database_configuration" time="0.002" /><testcase classname="tests.integration.test_base_recipe_file_contracts" name="test_update_fits_keywords_records_recipe_provenance" time="0.012" /><testcase classname="tests.integration.test_base_recipe_file_contracts" name="test_prepare_frames_preserves_processing_order_then_sorts_by_observation_time" time="0.054" /><testcase classname="tests.integration.test_base_recipe_file_contracts" name="test_write_round_trip_preserves_prepared_extensions" time="0.038" /><testcase classname="tests.integration.test_base_recipe_file_contracts" name="test_prepare_single_frame_uses_shape_matched_bad_pixel_map" time="0.047" /><testcase classname="tests.integration.test_base_recipe_file_contracts" name="test_prepare_single_frame_leaves_existing_prepared_layout_unchanged" time="0.026" /><testcase classname="tests.integration.test_data_organiser_listings" name="test_list_obs_and_sofs_return_sorted_complete_science_inventory" time="0.006" /><testcase classname="tests.integration.test_data_organiser_listings" name="test_list_raw_recursively_traces_raw_members_and_deduplicates_paths" time="0.005" /><testcase classname="tests.integration.test_data_organiser_sessions" name="test_session_create_initialises_sqlite_view_assets_and_workspace_links" time="0.012" /><testcase classname="tests.integration.test_data_organiser_sessions" name="test_session_build_sof_files_creates_complete_bias_inventory" time="0.338" /><testcase classname="tests.integration.test_data_organiser_workspace" name="test_header_harvest_filters_incomplete_fits_and_derives_night_metadata" time="0.040" /><testcase classname="tests.integration.test_data_organiser_workspace" name="test_directory_table_returns_empty_contract_when_no_fits_exist" time="0.003" /><testcase classname="tests.integration.test_data_organiser_workspace" name="test_directory_table_rejects_mixed_instruments" time="0.010" /><testcase classname="tests.integration.test_data_organiser_workspace" name="test_fits_detection_checks_workspace_root_and_raw_tree" time="0.007" /><testcase classname="tests.integration.test_data_organiser_workspace" name="test_prepare_refresh_removes_only_workspace_database_before_empty_inventory_exit" time="0.003" /><testcase classname="tests.integration.test_data_organiser_workspace" name="test_instrument_selection_normalises_xshooter_and_loads_sof_map" time="0.030" /><testcase classname="tests.integration.test_data_organiser_workspace" name="test_session_list_and_switch_retarget_workspace_symlinks" time="0.006" /><testcase classname="tests.integration.test_data_organiser_workspace" name="test_session_list_and_switch_preserve_missing_and_active_session_contracts" time="0.004" /><testcase classname="tests.integration.test_data_organiser_workspace" name="test_move_misc_files_keeps_workspace_metadata_and_moves_unrelated_files" time="0.003" /><testcase classname="tests.integration.test_data_organiser_workspace" name="test_session_refresh_rebuilds_the_active_session_inventory[True]" time="0.003" /><testcase classname="tests.integration.test_data_organiser_workspace" name="test_session_refresh_rebuilds_the_active_session_inventory[False]" time="0.003" /><testcase classname="tests.integration.test_data_organiser_workspace" name="test_write_sof_files_writes_only_complete_new_inventories" time="0.006" /><testcase classname="tests.integration.test_data_organiser_workspace" name="test_directory_sync_removes_stale_database_and_sof_rows" time="0.003" /><testcase classname="tests.integration.test_data_organiser_workspace" name="test_directory_sync_removes_a_stale_absolute_database_path" time="0.003" /><testcase classname="tests.integration.test_data_organiser_workspace" name="test_directory_sync_rejects_database_paths_outside_the_workspace" time="0.004" /><testcase classname="tests.integration.test_data_organiser_workspace" name="test_directory_sync_rejects_an_unknown_sql_table_name" time="0.003" /><testcase classname="tests.integration.test_data_organiser_workspace" name="test_raw_frame_sync_indexes_and_moves_a_new_root_frame" time="0.008" /><testcase classname="tests.integration.test_data_organiser_workspace" name="test_prepare_indexes_a_raw_frame_and_creates_a_base_session" time="2.242" /><testcase classname="tests.integration.test_data_organiser_workspace" name="test_prepare_report_describes_the_completed_isolated_workspace" time="2.556" /><testcase classname="tests.integration.test_fits_factories" name="test_raw_fits_round_trip_uses_primary_hdu" time="0.022" /><testcase classname="tests.integration.test_fits_factories" name="test_prepared_fits_round_trip_preserves_flux_errors_quality_and_units" time="0.016" /><testcase classname="tests.integration.test_fits_factories" name="test_sof_factory_preserves_member_order" time="0.002" /><testcase classname="tests.integration.test_flux_calibration_contracts" name="test_constructor_resolves_keywords_and_isolated_output_directories" time="0.009" /><testcase classname="tests.integration.test_flux_calibration_contracts" name="test_calibrate_writes_the_analytic_nir_flux_and_product_row" time="0.012" /><testcase classname="tests.integration.test_flux_calibration_contracts" name="test_calibrate_applies_vis_extinction_factor" time="0.009" /><testcase classname="tests.integration.test_mapping_recipe_orchestration" name="test_dispersion_solution_produce_product_calibrates_maps_and_reports" time="0.026" /><testcase classname="tests.integration.test_mapping_recipe_orchestration" name="test_order_centres_produce_product_preserves_qc_and_records_order_table" time="0.031" /><testcase classname="tests.integration.test_mapping_recipe_orchestration" name="test_spatial_solution_produce_product_preserves_qc_and_records_maps" time="0.032" /><testcase classname="tests.integration.test_mapping_recipe_orchestration" name="test_straighten_produce_product_reports_then_cleans_up" time="0.003" /><testcase classname="tests.integration.test_observing_recipe_orchestration" name="test_nod_cycle_extracts_both_difference_frames_without_flattening" time="0.013" /><testcase classname="tests.integration.test_observing_recipe_orchestration" name="test_nod_stack_extractions_writes_merged_fits_and_ascii_products" time="0.031" /><testcase classname="tests.integration.test_observing_recipe_orchestration" name="test_nod_success_records_qc_and_characterizes_none_product_path" time="0.030" /><testcase classname="tests.integration.test_observing_recipe_orchestration" name="test_offset_success_returns_extraction_and_records_qc" time="0.030" /><testcase classname="tests.integration.test_observing_recipe_orchestration" name="test_offset_multiple_locations_extracts_each_pair_before_final_stack" time="0.052" /><testcase classname="tests.integration.test_observing_recipe_orchestration" name="test_unbalanced_observing_inventory_fails_with_counts[soxs_nod-ECHELLE,SLIT,NODDING-offsets0-Found 2 A frames and 0 B frames. The number of A and B frames must be the same for nodding reductions.]" time="0.021" /><testcase classname="tests.integration.test_observing_recipe_orchestration" name="test_unbalanced_observing_inventory_fails_with_counts[soxs_offset-ECHELLE,SLIT,OFFSET-offsets1-Found 2 ON frames and 0 OFF frames. The number of ON and OFF frames must be the same for offset reductions.]" time="0.028" /><testcase classname="tests.integration.test_observing_recipe_orchestration" name="test_stare_success_returns_last_sky_path_and_records_products" time="0.026" /><testcase classname="tests.integration.test_observing_recipe_orchestration" name="test_stare_uses_flux_standard_frames_when_object_frames_are_absent" time="0.014" /><testcase classname="tests.integration.test_observing_recipe_orchestration" name="test_stare_selects_supported_non_object_fallbacks[STD,TELLURIC-ECHELLE,SLIT,STARE-settingsOverrides0-True]" time="0.014" /><testcase classname="tests.integration.test_observing_recipe_orchestration" name="test_stare_selects_supported_non_object_fallbacks[LAMP,FLAT-ECHELLE,PINHOLE-settingsOverrides1-False]" time="0.015" /><testcase classname="tests.integration.test_observing_recipe_orchestration" name="test_stare_selects_supported_non_object_fallbacks[STD,FLUX-ECHELLE,SLIT,NODDING-settingsOverrides2-True]" time="0.015" /><testcase classname="tests.integration.test_observing_recipe_orchestration" name="test_stare_generates_a_response_from_a_flux_standard" time="0.018" /><testcase classname="tests.integration.test_observing_recipe_orchestration" name="test_stare_flux_calibrates_an_extracted_spectrum_when_response_exists" time="0.025" /><testcase classname="tests.integration.test_order_tables" name="test_unpack_order_table_evaluates_polynomial_and_rounds_even_delta" time="0.030" /><testcase classname="tests.integration.test_order_tables" name="test_unpack_order_table_filters_order_and_applies_binning" time="0.031" /><testcase classname="tests.integration.test_phase3_contracts" name="test_phase3_table_writer_scrubs_header_and_writes_qc" time="0.029" /><testcase classname="tests.integration.test_phase3_contracts" name="test_phase3_table_writer_omits_disabled_and_nan_qc_rows" time="0.015" /><testcase classname="tests.integration.test_recipe_orchestration" name="test_master_bias_produce_product_runs_collaborators_and_records_product" time="0.010" /><testcase classname="tests.integration.test_recipe_orchestration" name="test_master_dark_produce_product_preserves_qc_and_records_product" time="0.009" /><testcase classname="tests.integration.test_recipe_orchestration" name="test_single_lamp_master_flat_records_stable_product_and_preserves_qc" time="0.020" /><testcase classname="tests.integration.test_recipe_orchestration" name="test_multi_lamp_master_flat_stitches_independent_lamp_products" time="0.018" /><testcase classname="tests.integration.test_reducer_selection" name="test_select_all_filters_orders_limits_and_builds_commands" time="0.007" /><testcase classname="tests.integration.test_reducer_selection" name="test_select_sof_includes_recursive_calibration_dependencies" time="0.006" /><testcase classname="tests.integration.test_reducer_selection" name="test_select_empty_target_returns_stable_columns_and_warning" time="0.005" /><testcase classname="tests.integration.test_reducer_selection" name="test_select_unknown_reduction_target_preserves_unbound_failure" time="0.003" /><testcase classname="tests.integration.test_reducer_selection" name="test_reduce_without_active_session_reports_preparation_requirement" time="0.002" /><testcase classname="tests.integration.test_reducer_selection" name="test_reduce_serial_dispatches_rows_and_refreshes_after_failure" time="0.003" /><testcase classname="tests.integration.test_reducer_selection" name="test_reduce_multiprocess_forwards_selected_group" time="0.006" /><testcase classname="tests.integration.test_security_boundaries" name="test_session_create_rejects_invalid_identifier_before_writing[../escape]" time="0.003" /><testcase classname="tests.integration.test_security_boundaries" name="test_session_create_rejects_invalid_identifier_before_writing[nested/session]" time="0.003" /><testcase classname="tests.integration.test_security_boundaries" name="test_session_create_rejects_invalid_identifier_before_writing[xxxxxxxxxxxxxxxxx]" time="0.003" /><testcase classname="tests.integration.test_security_boundaries" name="test_constructor_rejects_traversal_in_active_session_file" time="0.003" /><testcase classname="tests.integration.test_security_boundaries" name="test_constructor_rejects_active_session_file_symlink_outside_workspace[False]" time="0.003" /><testcase classname="tests.integration.test_security_boundaries" name="test_constructor_rejects_active_session_file_symlink_outside_workspace[True]" time="0.003" /><testcase classname="tests.integration.test_security_boundaries" name="test_constructor_rejects_sessions_directory_symlink_outside_workspace" time="0.003" /><testcase classname="tests.integration.test_security_boundaries" name="test_constructor_rejects_workspace_asset_symlink_outside_workspace[raw-raw directory-True]" time="0.003" /><testcase classname="tests.integration.test_security_boundaries" name="test_constructor_rejects_workspace_asset_symlink_outside_workspace[misc-misc directory-True]" time="0.003" /><testcase classname="tests.integration.test_security_boundaries" name="test_constructor_rejects_workspace_asset_symlink_outside_workspace[soxspipe.db-database path-False]" time="0.003" /><testcase classname="tests.integration.test_security_boundaries" name="test_session_switch_rejects_directory_symlink_outside_workspace" time="0.004" /><testcase classname="tests.integration.test_security_boundaries" name="test_sof_writer_rejects_non_leaf_output_names[../escape.sof]" time="0.005" /><testcase classname="tests.integration.test_security_boundaries" name="test_sof_writer_rejects_non_leaf_output_names[/tmp/escape.sof]" time="0.005" /><testcase classname="tests.integration.test_security_boundaries" name="test_owned_path_validation_normalizes_symlink_loop" time="0.003" /><testcase classname="tests.integration.test_security_boundaries" name="test_owned_path_validation_normalizes_owner_symlink_loop" time="0.003" /><testcase classname="tests.integration.test_security_boundaries" name="test_sof_writer_rejects_destination_symlink_outside_session" time="0.005" /><testcase classname="tests.integration.test_security_boundaries" name="test_sof_writer_rejects_directory_symlink_outside_session" time="0.004" /><testcase classname="tests.integration.test_security_boundaries" name="test_database_connection_rejects_symlink_outside_workspace" time="0.003" /><testcase classname="tests.integration.test_security_boundaries" name="test_reducer_selection_rejects_database_symlink_outside_workspace" time="0.002" /><testcase classname="tests.integration.test_set_of_files_contracts" name="test_directory_input_is_ordered_and_maps_supplementary_files" time="0.085" /><testcase classname="tests.integration.test_set_of_files_contracts" name="test_list_input_preserves_caller_order" time="0.018" /><testcase classname="tests.integration.test_set_of_files_contracts" name="test_list_input_classifies_each_supplementary_file_type" time="0.016" /><testcase classname="tests.integration.test_set_of_files_contracts" name="test_sof_input_preserves_member_order" time="0.018" /><testcase classname="tests.integration.test_set_of_files_contracts" name="test_sof_input_rejects_a_missing_member" time="0.012" /><testcase classname="tests.integration.test_set_of_files_contracts" name="test_sof_input_maps_tagged_supplementary_members" time="0.015" /><testcase classname="tests.integration.test_set_of_files_contracts" name="test_sof_input_accepts_an_untagged_supplementary_path" time="0.016" /><testcase classname="tests.integration.test_set_of_files_contracts" name="test_sof_input_does_not_redirect_a_missing_untagged_path" time="0.016" /><testcase classname="tests.integration.test_set_of_files_contracts" name="test_prepared_extension_uses_primary_header_fallback" time="0.023" /><testcase classname="tests.integration.test_set_of_files_contracts" name="test_prepared_list_fallback_preserves_header_and_filename_order" time="0.036" /><testcase classname="tests.integration.test_set_of_files_contracts" name="test_prepared_sof_fallback_preserves_member_and_header_order" time="0.034" /><testcase classname="tests.integration.test_set_of_files_contracts" name="test_generate_sof_from_directory_is_sorted_and_uses_header_categories" time="0.023" /><testcase classname="tests.integration.test_set_of_files_contracts" name="test_invalid_input_has_a_precise_type_error[None]" time="0.011" /><testcase classname="tests.integration.test_set_of_files_contracts" name="test_invalid_input_has_a_precise_type_error[17]" time="0.010" /><testcase classname="tests.integration.test_set_of_files_contracts" name="test_invalid_input_has_a_precise_type_error[]" time="0.010" /><testcase classname="tests.integration.test_sqlite_contracts" name="test_database_connection_creates_and_reuses_valid_workspace_database" time="0.005" /><testcase classname="tests.integration.test_sqlite_contracts" name="test_dataframe_write_normalises_sentinels_and_replaces_existing_rows" time="0.004" /><testcase classname="tests.integration.test_sqlite_contracts" name="test_recipe_report_replaces_only_current_sof_qc_rows_in_workspace_database" time="0.013" /><testcase classname="tests.integration.test_sqlite_contracts" name="test_raw_groups_add_only_selected_members_to_sof_map" time="0.007" /><testcase classname="tests.integration.test_sqlite_contracts" name="test_raw_groups_skip_sof_mapping_when_no_groups_exist" time="0.003" /><testcase classname="tests.integration.test_sqlite_contracts" name="test_raw_frame_inventory_groups_complete_bias_set_and_names_sof" time="0.037" /><testcase classname="tests.integration.test_toolkit_fits" name="test_two_d_map_dataframe_preserves_associated_frame_arrays" time="0.020" /><testcase classname="tests.integration.test_toolkit_fits" name="test_extinction_correction_reads_fits_table_and_uses_next_sample" time="0.009" /><testcase classname="tests.integration.test_toolkit_fits" name="test_read_spectral_format_selects_full_or_reduced_wavelengths" time="0.015" /><testcase classname="tests.integration.test_toolkit_fits" name="test_get_skylines_dataframe_filters_real_fits_table[VIS-5.0-expected0]" time="0.015" /><testcase classname="tests.integration.test_toolkit_fits" name="test_get_skylines_dataframe_filters_real_fits_table[NIR-100.0-expected1]" time="0.019" /></testsuite></testsuites>